18:22:32  Logger test OK
18:26:20  
==========================================================
18:26:20    Group [15min]  Target: ShanghaiT2DM
18:26:20  ==========================================================
18:27:14    Source: 862,905 | Train: 72,058 | Test: 19,932
18:27:14  
  [1-3/6] Source-Only / Target-Only / Mixed  (parallel)...
18:27:22    [source_only    ]  RMSE=20.93  MAE=14.48  MARD=10.6%
18:27:22    [target_only    ]  RMSE=19.75  MAE=13.77  MARD=10.2%
18:27:22    [mixed          ]  RMSE=20.62  MAE=14.26  MARD=10.5%
18:27:22    [4/6] CORAL alignment...
18:27:28    [coral          ]  RMSE=19.74  MAE=13.77  MARD=10.2%
18:27:28    [5/6] TrAdaBoost (20 iterations)...
18:28:39    [tradaboost     ]  RMSE=19.78  MAE=13.66  MARD=10.0%
18:28:39    [6/6] Oracle 10-fold CV (parallel)...
18:28:47    [oracle         ]  RMSE=19.29  MAE=13.47  MARD=10.0%
18:29:40  
  [Learning Curve] ShanghaiT2DM — target ratio sweep...
18:37:08    Saved: learning_curve_ShanghaiT2DM.csv / .png
18:37:08  
Saved: 5way_all_targets.csv
18:37:08  group       target       model      rmse       mae      mard
15min ShanghaiT2DM source_only 20.929021 14.482798 10.627379
15min ShanghaiT2DM target_only 19.746564 13.771164 10.178715
15min ShanghaiT2DM       mixed 20.616890 14.258376 10.464524
15min ShanghaiT2DM       coral 19.736464 13.771034 10.183959
15min ShanghaiT2DM  tradaboost 19.777379 13.663586 10.030724
15min ShanghaiT2DM      oracle 19.291530 13.471267  9.962868
18:37:08    Saved: 5way_ShanghaiT2DM.png
19:28:51  
==========================================================
19:28:51    Group [5min]  Target: CITY
19:28:51  ==========================================================
20:22:07    Source: 55,602,060 | Train: 2,536,295 | Test: 583,272
20:22:07  
  [1-3/6] Source-Only / Target-Only / Mixed  (parallel)...
20:49:58    [source_only    ]  RMSE=15.89  MAE=9.92  MARD=5.9%
20:49:59    [target_only    ]  RMSE=15.64  MAE=9.65  MARD=5.8%
20:50:03    [mixed          ]  RMSE=15.85  MAE=9.87  MARD=5.9%
20:50:03    [4/6] CORAL alignment...
21:07:52    [coral          ]  RMSE=15.69  MAE=9.70  MARD=5.8%
21:07:52    [5/6] TrAdaBoost (20 iterations)...
23:43:02    [tradaboost     ]  RMSE=15.66  MAE=9.63  MARD=5.7%
23:43:02    [6/6] Oracle 10-fold CV (parallel)...
23:46:19    [oracle         ]  RMSE=15.09  MAE=9.27  MARD=5.4%
00:40:04  
  [Learning Curve] CITY — target ratio sweep...
08:45:01  
==========================================================
08:45:01    Group [5min]  Target: CITY
08:45:01  ==========================================================
09:38:42    Source: 999,998 | Train: 2,536,295 | Test: 583,272
09:38:42  
  [1-3/6] Source-Only / Target-Only / Mixed  (parallel)...
09:39:33    [source_only    ]  RMSE=16.02  MAE=10.04  MARD=6.0%
09:39:34    [target_only    ]  RMSE=15.64  MAE=9.65  MARD=5.8%
09:39:35    [mixed          ]  RMSE=15.66  MAE=9.68  MARD=5.8%
09:39:35    [4/6] CORAL alignment...
09:40:11    [coral          ]  RMSE=15.64  MAE=9.65  MARD=5.8%
09:40:11    [5/6] TrAdaBoost (20 iterations)...
09:49:28    [tradaboost     ]  RMSE=15.66  MAE=9.63  MARD=5.7%
09:49:28    [6/6] Oracle 10-fold CV (parallel)...
09:52:46    [oracle         ]  RMSE=15.09  MAE=9.27  MARD=5.4%
09:52:46  
==========================================================
09:52:46    Group [5min]  Target: Colas_2019
09:52:46  ==========================================================
10:54:18    Source: 999,998 | Train: 79,086 | Test: 16,491
10:54:18  
  [1-3/6] Source-Only / Target-Only / Mixed  (parallel)...
10:54:34    [source_only    ]  RMSE=23.78  MAE=16.95  MARD=19.0%
10:54:34    [target_only    ]  RMSE=11.12  MAE=6.48  MARD=6.6%
10:54:34    [mixed          ]  RMSE=12.48  MAE=7.52  MARD=8.1%
10:54:34    [4/6] CORAL alignment...
10:54:47    [coral          ]  RMSE=11.43  MAE=7.04  MARD=7.4%
10:54:47    [5/6] TrAdaBoost (20 iterations)...
10:56:59    [tradaboost     ]  RMSE=11.44  MAE=6.76  MARD=7.1%
10:56:59    [6/6] Oracle 10-fold CV (parallel)...
10:57:13    [oracle         ]  RMSE=9.39  MAE=5.96  MARD=6.0%
10:57:13  
Saved: 5way_all_targets.csv
10:57:13  group     target       model      rmse       mae      mard
 5min       CITY source_only 16.024769 10.038540  5.989101
 5min       CITY target_only 15.638859  9.650846  5.771359
 5min       CITY       mixed 15.659053  9.675219  5.790700
 5min       CITY       coral 15.635995  9.654116  5.771700
 5min       CITY  tradaboost 15.660869  9.631142  5.730110
 5min       CITY      oracle 15.092293  9.267341  5.428944
 5min Colas_2019 source_only 23.775285 16.952288 19.032264
 5min Colas_2019 target_only 11.122418  6.477951  6.648525
 5min Colas_2019       mixed 12.475458  7.522607  8.120983
 5min Colas_2019       coral 11.431400  7.036047  7.358819
 5min Colas_2019  tradaboost 11.435140  6.758043  7.083160
 5min Colas_2019      oracle  9.389865  5.957272  5.953083
10:57:13    Saved: 5way_CITY.png
10:57:13    Saved: 5way_Colas_2019.png
12:08:30  
==========================================================
12:08:30    Group [15min]  Target: ShanghaiT2DM
12:08:30  ==========================================================
12:09:26    Source: 862,905 | Train: 72,058 | Test: 19,932
12:09:26  
  [1-3/6] Source-Only / Target-Only / Mixed  (parallel)...
12:09:34    [source_only    ]  RMSE=20.93  MAE=14.48  MARD=10.6%
12:09:34    [target_only    ]  RMSE=19.75  MAE=13.77  MARD=10.2%
12:09:34    [mixed          ]  RMSE=20.62  MAE=14.26  MARD=10.5%
12:09:34    [4/6] CORAL alignment...
12:09:41    [coral          ]  RMSE=19.74  MAE=13.77  MARD=10.2%
12:09:41    [5/6] TrAdaBoost (20 iterations)...
12:10:55    [tradaboost     ]  RMSE=19.78  MAE=13.66  MARD=10.0%
12:10:55    [6/6] Oracle 10-fold CV (parallel)...
12:11:03    [oracle         ]  RMSE=19.29  MAE=13.47  MARD=10.0%
12:11:03  
Saved: 5way_all_targets.csv
12:11:03  group       target       model      rmse       mae      mard
15min ShanghaiT2DM source_only 20.929021 14.482798 10.627379
15min ShanghaiT2DM target_only 19.746564 13.771164 10.178715
15min ShanghaiT2DM       mixed 20.616890 14.258376 10.464524
15min ShanghaiT2DM       coral 19.736464 13.771034 10.183959
15min ShanghaiT2DM  tradaboost 19.777379 13.663586 10.030724
15min ShanghaiT2DM      oracle 19.291530 13.471267  9.962868
12:11:03    Saved: 5way_ShanghaiT2DM.png
12:11:03  
==========================================================
12:11:03    Group [5min]  Target: CITY
12:11:03  ==========================================================
13:06:41    Source: 999,998 | Train: 2,536,295 | Test: 583,272
13:06:41  
  [1-3/6] Source-Only / Target-Only / Mixed  (parallel)...
13:07:39    [source_only    ]  RMSE=16.02  MAE=10.04  MARD=6.0%
13:07:40    [target_only    ]  RMSE=15.64  MAE=9.65  MARD=5.8%
13:07:42    [mixed          ]  RMSE=15.66  MAE=9.68  MARD=5.8%
13:07:42    [4/6] CORAL alignment...
13:08:22    [coral          ]  RMSE=15.64  MAE=9.65  MARD=5.8%
13:08:22    [5/6] TrAdaBoost (20 iterations)...
13:18:08    [tradaboost     ]  RMSE=15.66  MAE=9.63  MARD=5.7%
13:18:08    [6/6] Oracle 10-fold CV (parallel)...
13:21:27    [oracle         ]  RMSE=15.09  MAE=9.27  MARD=5.4%
13:21:27  
==========================================================
13:21:27    Group [5min]  Target: Colas_2019
13:21:27  ==========================================================
14:13:07    Source: 999,998 | Train: 79,086 | Test: 16,491
14:13:07  
  [1-3/6] Source-Only / Target-Only / Mixed  (parallel)...
14:13:26    [source_only    ]  RMSE=23.73  MAE=16.89  MARD=19.0%
14:13:26    [target_only    ]  RMSE=11.12  MAE=6.48  MARD=6.6%
14:13:26    [mixed          ]  RMSE=12.36  MAE=7.43  MARD=8.0%
14:13:26    [4/6] CORAL alignment...
14:13:37    [coral          ]  RMSE=11.45  MAE=7.06  MARD=7.4%
14:13:37    [5/6] TrAdaBoost (20 iterations)...
14:15:52    [tradaboost     ]  RMSE=11.42  MAE=6.74  MARD=7.1%
14:15:52    [6/6] Oracle 10-fold CV (parallel)...
14:16:06    [oracle         ]  RMSE=9.39  MAE=5.96  MARD=6.0%
14:16:06  
Saved: 5way_all_targets.csv
14:16:06  group     target       model      rmse       mae      mard
 5min       CITY source_only 16.024769 10.038540  5.989101
 5min       CITY target_only 15.637682  9.652803  5.773344
 5min       CITY       mixed 15.659053  9.675219  5.790700
 5min       CITY       coral 15.635995  9.654116  5.771700
 5min       CITY  tradaboost 15.660869  9.631142  5.730110
 5min       CITY      oracle 15.092293  9.267341  5.428944
 5min Colas_2019 source_only 23.732698 16.886367 18.980285
 5min Colas_2019 target_only 11.122418  6.477951  6.648525
 5min Colas_2019       mixed 12.361194  7.431912  7.998701
 5min Colas_2019       coral 11.451543  7.058585  7.372697
 5min Colas_2019  tradaboost 11.420307  6.744729  7.064803
 5min Colas_2019      oracle  9.389865  5.957272  5.953083
14:16:06    Saved: 5way_CITY.png
14:16:06    Saved: 5way_Colas_2019.png
