13:16:22  ============================================================
13:16:22    S1-2: LODO (Leave-One-Dataset-Out)
13:16:22  ============================================================
13:16:22  
############################################################
13:16:22    Group: 1min — 2 datasets
13:16:22  ############################################################
13:16:22  
==========================================================
13:16:22    Target: CGMacros_Dexcom  (Mixed, 45 subjects, 1min)
13:16:22  ==========================================================
13:16:27    Source: 687,126 | Train: 430,630 | Val: 85,576 | Test: 113,394
13:16:35      [source_only    ]  RMSE=2.95  MAE=1.11  MARD=0.7%
13:16:35      [target_only    ]  RMSE=2.69  MAE=1.10  MARD=0.7%
13:16:35      [mixed          ]  RMSE=2.95  MAE=1.12  MARD=0.7%
13:16:39      [coral          ]  RMSE=4.40  MAE=1.48  MARD=0.8%
13:19:54      [tradaboost     ]  RMSE=3.32  MAE=1.18  MARD=0.7%
13:19:54  
==========================================================
13:19:54    Target: CGMacros_Libre  (Mixed, 45 subjects, 1min)
13:19:54  ==========================================================
13:19:55    Source: 629,600 | Train: 472,816 | Val: 92,205 | Test: 122,105
13:20:11      [source_only    ]  RMSE=0.86  MAE=0.54  MARD=0.5%
13:20:11      [target_only    ]  RMSE=1.07  MAE=0.44  MARD=0.3%
13:20:12      [mixed          ]  RMSE=0.79  MAE=0.36  MARD=0.3%
13:20:23      [coral          ]  RMSE=2.55  MAE=0.67  MARD=0.4%
13:22:16      [tradaboost     ]  RMSE=0.72  MAE=0.36  MARD=0.3%
13:22:16  
############################################################
13:22:16    Group: 5min — 21 datasets
13:22:16  ############################################################
13:22:16  
==========================================================
13:22:16    Target: AIDET1D  (T1D, 29 subjects, 5min)
13:22:16  ==========================================================
13:22:54    Source: 999,992 | Train: 324,596 | Val: 72,006 | Test: 83,029
13:23:08      [source_only    ]  RMSE=15.28  MAE=10.14  MARD=6.5%
13:23:08      [target_only    ]  RMSE=15.18  MAE=10.10  MARD=6.5%
13:23:08      [mixed          ]  RMSE=15.21  MAE=10.09  MARD=6.5%
13:23:16      [coral          ]  RMSE=15.16  MAE=10.10  MARD=6.5%
13:27:10      [tradaboost     ]  RMSE=15.17  MAE=10.06  MARD=6.4%
13:27:10  
==========================================================
13:27:10    Target: AZT1D  (T1D, 25 subjects, 5min)
13:27:10  ==========================================================
13:27:18    Source: 999,991 | Train: 208,355 | Val: 34,238 | Test: 57,856
13:27:33      [source_only    ]  RMSE=12.42  MAE=8.11  MARD=5.7%
13:27:33      [target_only    ]  RMSE=12.31  MAE=8.12  MARD=5.8%
13:27:33      [mixed          ]  RMSE=12.33  MAE=8.05  MARD=5.7%
13:27:40      [coral          ]  RMSE=12.48  MAE=8.23  MARD=5.8%
13:31:17      [tradaboost     ]  RMSE=12.19  MAE=7.97  MARD=5.6%
13:31:17  
==========================================================
13:31:17    Target: BIGIDEAs  (ND, 16 subjects, 5min)
13:31:17  ==========================================================
13:31:25    Source: 999,988 | Train: 26,505 | Val: 4,138 | Test: 6,175
13:31:31      [source_only    ]  RMSE=8.62  MAE=6.03  MARD=5.6%
13:31:31      [target_only    ]  RMSE=7.58  MAE=5.21  MARD=4.8%
13:31:31      [mixed          ]  RMSE=8.63  MAE=6.07  MARD=5.6%
13:31:43      [coral          ]  RMSE=8.12  MAE=5.65  MARD=5.2%
13:34:18      [tradaboost     ]  RMSE=7.77  MAE=5.28  MARD=4.8%
13:34:18  
==========================================================
13:34:18    Target: CGMND  (ND, 45 subjects, 5min)
13:34:18  ==========================================================
13:34:26    Source: 999,992 | Train: 80,894 | Val: 13,571 | Test: 22,406
13:34:32      [source_only    ]  RMSE=12.59  MAE=8.64  MARD=8.5%
13:34:32      [target_only    ]  RMSE=10.94  MAE=7.47  MARD=7.4%
13:34:32      [mixed          ]  RMSE=12.34  MAE=8.43  MARD=8.3%
13:34:43      [coral          ]  RMSE=11.13  MAE=7.55  MARD=7.5%
13:36:35      [tradaboost     ]  RMSE=11.19  MAE=7.48  MARD=7.4%
13:36:35  
==========================================================
13:36:35    Target: Colas_2019  (Mixed, 208 subjects, 5min)
13:36:35  ==========================================================
13:36:43    Source: 999,992 | Train: 79,086 | Val: 17,636 | Test: 16,491
13:37:14      [source_only    ]  RMSE=17.59  MAE=12.16  MARD=13.4%
13:37:14      [target_only    ]  RMSE=11.12  MAE=6.48  MARD=6.6%
13:37:15      [mixed          ]  RMSE=12.49  MAE=7.32  MARD=7.8%
13:37:25      [coral          ]  RMSE=11.49  MAE=7.05  MARD=7.4%
13:40:17      [tradaboost     ]  RMSE=11.35  MAE=6.74  MARD=7.1%
13:40:17  
==========================================================
13:40:17    Target: D1NAMO  (T1D, 9 subjects, 5min)
13:40:17  ==========================================================
13:40:25    Source: 999,989 | Train: 5,666 | Val: 983 | Test: 1,188
13:40:36      [source_only    ]  RMSE=10.51  MAE=7.17  MARD=7.1%
13:40:36      [target_only    ]  RMSE=10.31  MAE=7.07  MARD=7.2%
13:40:36      [mixed          ]  RMSE=10.28  MAE=6.96  MARD=6.9%
13:40:41      [coral          ]  RMSE=10.03  MAE=6.47  MARD=6.3%
13:41:42      [tradaboost     ]  RMSE=10.10  MAE=6.78  MARD=6.8%
13:41:42  
==========================================================
13:41:42    Target: GLAM  (ND, 886 subjects, 5min)
13:41:42  ==========================================================
13:41:58    Source: 999,990 | Train: 18,632,326 | Val: 3,890,506 | Test: 3,988,459
13:51:13      [source_only    ]  RMSE=11.07  MAE=7.87  MARD=8.3%
13:51:23      [target_only    ]  RMSE=9.55  MAE=6.67  MARD=6.9%
13:51:50      [mixed          ]  RMSE=9.57  MAE=6.68  MARD=6.9%
13:56:32      [coral          ]  RMSE=9.55  MAE=6.68  MARD=6.9%
14:59:37      [tradaboost     ]  RMSE=9.72  MAE=6.77  MARD=7.0%
14:59:38  
==========================================================
14:59:38    Target: Hall_2018  (Mixed, 57 subjects, 5min)
14:59:38  ==========================================================
14:59:52    Source: 999,991 | Train: 71,974 | Val: 14,635 | Test: 18,523
15:00:05      [source_only    ]  RMSE=8.66  MAE=5.76  MARD=6.1%
15:00:05      [target_only    ]  RMSE=8.43  MAE=5.62  MARD=6.0%
15:00:05      [mixed          ]  RMSE=8.61  MAE=5.71  MARD=6.0%
15:00:10      [coral          ]  RMSE=8.55  MAE=5.70  MARD=6.0%
15:02:37      [tradaboost     ]  RMSE=8.37  MAE=5.53  MARD=5.8%
15:02:37  
==========================================================
15:02:37    Target: HUPA-UCM  (T1D, 25 subjects, 5min)
15:02:37  ==========================================================
15:02:45    Source: 999,991 | Train: 60,244 | Val: 10,270 | Test: 238,646
15:02:58      [source_only    ]  RMSE=7.70  MAE=4.95  MARD=4.2%
15:02:58      [target_only    ]  RMSE=7.52  MAE=4.67  MARD=3.9%
15:02:58      [mixed          ]  RMSE=7.56  MAE=4.76  MARD=4.0%
15:03:02      [coral          ]  RMSE=7.50  MAE=4.65  MARD=3.8%
15:04:24      [tradaboost     ]  RMSE=7.44  MAE=4.60  MARD=3.8%
15:04:24  
==========================================================
15:04:24    Target: IOBP2  (T1D, 440 subjects, 5min)
15:04:24  ==========================================================
15:04:36    Source: 999,990 | Train: 10,143,481 | Val: 2,067,577 | Test: 1,977,981
15:08:04      [source_only    ]  RMSE=14.91  MAE=9.88  MARD=6.6%
15:08:09      [target_only    ]  RMSE=14.66  MAE=9.74  MARD=6.6%
15:08:13      [mixed          ]  RMSE=14.66  MAE=9.73  MARD=6.5%
15:10:47      [coral          ]  RMSE=14.66  MAE=9.74  MARD=6.6%
15:48:45      [tradaboost     ]  RMSE=14.73  MAE=9.73  MARD=6.5%
15:48:45  
==========================================================
15:48:45    Target: PEDAP  (T1D, 103 subjects, 5min)
15:48:45  ==========================================================
15:48:59    Source: 999,988 | Train: 5,045,935 | Val: 865,161 | Test: 1,272,029
15:50:56      [source_only    ]  RMSE=17.49  MAE=11.83  MARD=8.4%
15:50:59      [target_only    ]  RMSE=17.00  MAE=11.56  MARD=8.3%
15:51:03      [mixed          ]  RMSE=17.01  MAE=11.54  MARD=8.2%
15:52:19      [coral          ]  RMSE=17.00  MAE=11.56  MARD=8.3%
16:14:02      [tradaboost     ]  RMSE=17.10  MAE=11.57  MARD=8.2%
16:14:02  
==========================================================
16:14:02    Target: PhysioCGM  (T1D, 9 subjects, 5min)
16:14:02  ==========================================================
16:14:14    Source: 999,990 | Train: 126,624 | Val: 24,259 | Test: 50,414
16:14:27      [source_only    ]  RMSE=12.86  MAE=8.57  MARD=7.3%
16:14:27      [target_only    ]  RMSE=12.88  MAE=8.57  MARD=7.3%
16:14:27      [mixed          ]  RMSE=12.83  MAE=8.54  MARD=7.3%
16:14:33      [coral          ]  RMSE=12.93  MAE=8.62  MARD=7.3%
16:17:43      [tradaboost     ]  RMSE=12.79  MAE=8.49  MARD=7.2%
16:17:43  
==========================================================
16:17:43    Target: T1D-UOM  (T1D, 17 subjects, 5min)
16:17:43  ==========================================================
16:17:51    Source: 999,992 | Train: 270,264 | Val: 36,738 | Test: 48,631
16:17:58      [source_only    ]  RMSE=25.80  MAE=18.66  MARD=13.9%
16:17:58      [target_only    ]  RMSE=25.63  MAE=18.47  MARD=13.7%
16:17:58      [mixed          ]  RMSE=25.67  MAE=18.51  MARD=13.8%
16:18:04      [coral          ]  RMSE=25.83  MAE=18.39  MARD=13.4%
16:19:15      [tradaboost     ]  RMSE=25.78  MAE=18.47  MARD=13.7%
16:19:15  
==========================================================
16:19:15    Target: UCHTT1DM  (T1D, 20 subjects, 5min)
16:19:15  ==========================================================
16:19:23    Source: 999,991 | Train: 22,627 | Val: 4,252 | Test: 2,195
16:19:36      [source_only    ]  RMSE=12.13  MAE=8.70  MARD=5.3%
16:19:36      [target_only    ]  RMSE=13.38  MAE=9.90  MARD=6.0%
16:19:36      [mixed          ]  RMSE=12.12  MAE=8.68  MARD=5.3%
16:19:40      [coral          ]  RMSE=15.15  MAE=10.71  MARD=6.3%
16:21:36      [tradaboost     ]  RMSE=12.40  MAE=8.89  MARD=5.4%
16:21:36  
==========================================================
16:21:36    Target: RT-CGM  (T1D, 448 subjects, 5min)
16:21:36  ==========================================================
16:21:49    Source: 999,991 | Train: 11,591,131 | Val: 2,851,520 | Test: 2,678,084
16:26:08      [source_only    ]  RMSE=17.81  MAE=10.04  MARD=7.2%
16:26:18      [target_only    ]  RMSE=17.54  MAE=9.92  MARD=7.1%
16:26:25      [mixed          ]  RMSE=17.54  MAE=9.91  MARD=7.1%
16:29:24      [coral          ]  RMSE=17.54  MAE=9.92  MARD=7.1%
17:10:44      [tradaboost     ]  RMSE=17.58  MAE=9.88  MARD=7.1%
17:10:44  
==========================================================
17:10:44    Target: CITY  (Mixed, 153 subjects, 5min)
17:10:44  ==========================================================
17:10:57    Source: 999,992 | Train: 2,536,295 | Val: 545,076 | Test: 583,272
17:11:54      [source_only    ]  RMSE=16.13  MAE=10.09  MARD=6.0%
17:11:55      [target_only    ]  RMSE=15.64  MAE=9.65  MARD=5.8%
17:11:57      [mixed          ]  RMSE=15.67  MAE=9.67  MARD=5.8%
17:12:40      [coral          ]  RMSE=15.64  MAE=9.66  MARD=5.8%
17:23:35      [tradaboost     ]  RMSE=15.69  MAE=9.65  MARD=5.7%
17:23:35  
==========================================================
17:23:35    Target: SENCE  (T1D, 143 subjects, 5min)
17:23:35  ==========================================================
17:23:45    Source: 999,990 | Train: 3,310,541 | Val: 711,465 | Test: 897,455
17:25:09      [source_only    ]  RMSE=17.80  MAE=11.23  MARD=6.6%
17:25:11      [target_only    ]  RMSE=17.23  MAE=10.97  MARD=6.6%
17:25:14      [mixed          ]  RMSE=17.24  MAE=10.93  MARD=6.5%
17:26:13      [coral          ]  RMSE=17.22  MAE=10.97  MARD=6.6%
17:39:56      [tradaboost     ]  RMSE=17.31  MAE=10.93  MARD=6.5%
17:39:56  
==========================================================
17:39:56    Target: WISDM  (T1D, 203 subjects, 5min)
17:39:56  ==========================================================
17:40:06    Source: 999,991 | Train: 4,619,484 | Val: 998,959 | Test: 1,069,285
17:41:39      [source_only    ]  RMSE=12.27  MAE=7.70  MARD=5.3%
17:41:41      [target_only    ]  RMSE=12.04  MAE=7.45  MARD=5.1%
17:41:44      [mixed          ]  RMSE=12.05  MAE=7.46  MARD=5.1%
17:43:19      [coral          ]  RMSE=12.04  MAE=7.45  MARD=5.1%
18:01:28      [tradaboost     ]  RMSE=12.07  MAE=7.46  MARD=5.1%
18:01:28  
==========================================================
18:01:28    Target: FLAIR  (T1D, 113 subjects, 5min)
18:01:28  ==========================================================
18:01:38    Source: 999,990 | Train: 3,856,413 | Val: 785,939 | Test: 859,620
18:02:44      [source_only    ]  RMSE=16.18  MAE=10.34  MARD=7.0%
18:02:45      [target_only    ]  RMSE=15.80  MAE=10.11  MARD=6.8%
18:02:46      [mixed          ]  RMSE=15.82  MAE=10.09  MARD=6.8%
18:03:37      [coral          ]  RMSE=15.80  MAE=10.10  MARD=6.8%
18:19:32      [tradaboost     ]  RMSE=15.87  MAE=10.09  MARD=6.8%
18:19:32  
==========================================================
18:19:32    Target: SHD  (T1D, 200 subjects, 5min)
18:19:32  ==========================================================
18:19:40    Source: 999,990 | Train: 438,514 | Val: 90,602 | Test: 93,790
18:19:53      [source_only    ]  RMSE=18.02  MAE=11.40  MARD=8.1%
18:19:53      [target_only    ]  RMSE=17.92  MAE=11.25  MARD=7.9%
18:19:53      [mixed          ]  RMSE=17.92  MAE=11.27  MARD=8.0%
18:20:01      [coral          ]  RMSE=17.91  MAE=11.24  MARD=7.9%
18:24:13      [tradaboost     ]  RMSE=17.86  MAE=11.17  MARD=7.8%
18:24:13  
==========================================================
18:24:13    Target: ReplaceBG  (T1D, 226 subjects, 5min)
18:24:13  ==========================================================
18:24:26    Source: 999,989 | Train: 10,414,959 | Val: 2,002,514 | Test: 2,293,770
18:28:30      [source_only    ]  RMSE=12.79  MAE=8.21  MARD=5.7%
18:28:38      [target_only    ]  RMSE=12.54  MAE=7.95  MARD=5.5%
18:28:45      [mixed          ]  RMSE=12.54  MAE=7.95  MARD=5.5%
18:31:59      [coral          ]  RMSE=12.54  MAE=7.95  MARD=5.5%
08:08:31  ============================================================
08:08:31    S1-2 LODO: Resuming incomplete targets
08:08:31  ============================================================
08:08:31    Existing results: 110 rows, 22 targets done
08:08:31  
  Group 1min: all 2 done, skipping
08:08:31  
############################################################
08:08:31    Group: 5min — 1 remaining (of 21)
08:08:31  ############################################################
08:08:31  
==========================================================
08:08:31    Target: ReplaceBG  (T1D, 226 subjects, 5min)
08:08:31  ==========================================================
08:08:58    Source: 999,989 | Train: 10,414,959 | Val: 2,002,514 | Test: 2,293,770
08:12:40      [source_only    ]  RMSE=12.79  MAE=8.21  MARD=5.7%
08:12:48      [target_only    ]  RMSE=12.54  MAE=7.95  MARD=5.5%
08:12:55      [mixed          ]  RMSE=12.54  MAE=7.95  MARD=5.5%
08:15:58      [coral          ]  RMSE=12.54  MAE=7.95  MARD=5.5%
08:49:43      [tradaboost     ]  RMSE=12.59  MAE=7.97  MARD=5.5%
08:49:43  
############################################################
08:49:43    Group: 15min — 3 remaining (of 3)
08:49:43  ############################################################
08:49:43  
==========================================================
08:49:43    Target: Bris-T1D_Open  (T1D, 20 subjects, 15min)
08:49:43  ==========================================================
08:49:48    Source: 127,040 | Train: 593,190 | Val: 127,538 | Test: 126,740
08:49:53      [source_only    ]  RMSE=17.00  MAE=12.55  MARD=9.7%
08:49:54      [target_only    ]  RMSE=15.29  MAE=10.86  MARD=8.4%
08:49:54      [mixed          ]  RMSE=15.39  MAE=10.97  MARD=8.5%
08:49:57      [coral          ]  RMSE=15.31  MAE=10.89  MARD=8.4%
08:51:37      [tradaboost     ]  RMSE=15.41  MAE=10.96  MARD=8.4%
08:51:37  
==========================================================
08:51:37    Target: ShanghaiT1DM  (T1D, 12 subjects, 15min)
08:51:37  ==========================================================
08:51:38    Source: 959,071 | Train: 11,988 | Val: 676 | Test: 2,773
08:51:45      [source_only    ]  RMSE=26.30  MAE=19.12  MARD=13.0%
08:51:45      [target_only    ]  RMSE=25.80  MAE=19.09  MARD=12.6%
08:51:45      [mixed          ]  RMSE=26.27  MAE=19.09  MARD=12.9%
08:51:49      [coral          ]  RMSE=26.13  MAE=19.13  MARD=12.5%
08:52:33      [tradaboost     ]  RMSE=25.76  MAE=18.87  MARD=12.5%
08:52:33  
==========================================================
08:52:33    Target: ShanghaiT2DM  (T2D, 100 subjects, 15min)
08:52:33  ==========================================================
08:52:34    Source: 862,905 | Train: 72,058 | Val: 19,613 | Test: 19,932
08:52:42      [source_only    ]  RMSE=20.95  MAE=14.49  MARD=10.6%
08:52:42      [target_only    ]  RMSE=19.75  MAE=13.77  MARD=10.2%
08:52:42      [mixed          ]  RMSE=20.61  MAE=14.25  MARD=10.5%
08:52:50      [coral          ]  RMSE=19.77  MAE=13.79  MARD=10.2%
08:54:07      [tradaboost     ]  RMSE=19.78  MAE=13.67  MARD=10.0%
08:54:07  

Total: 130 rows, 26 targets
08:54:07  Resume time: 45.6 min
08:54:07  
============================================================
08:54:07    Summary: RMSE by Model (All Groups)
08:54:07  ============================================================
08:54:07  
                  mean       std  count
model                                  
coral        13.709446  5.532899     26
mixed        13.618195  5.769470     26
source_only  14.103803  5.850999     26
target_only  13.453853  5.753022     26
tradaboost   13.463200  5.752046     26
08:54:07  
============================================================
08:54:07    Subgroup Analysis: Target Disease Type
08:54:07  ============================================================
08:54:07  
  --- Disease: Mixed ---
08:54:07                   mean       std
model                          
coral        8.527626  5.294918
mixed        8.100823  6.261699
source_only  9.237925  7.536157
target_only  7.789456  6.006351
tradaboost   7.888640  6.030144
08:54:07      Flip Rate (coral > target_only): 5/5 = 100.0%
08:54:07      Flip Rate (tradaboost > target_only): 3/5 = 60.0%
08:54:07  
  --- Disease: T1D ---
08:54:07                    mean       std
model                           
coral        15.602329  4.783488
mixed        15.436986  4.841399
source_only  15.722764  4.855932
target_only  15.472602  4.728851
tradaboost   15.419886  4.807053
08:54:07      Flip Rate (coral > target_only): 8/17 = 47.1%
08:54:07      Flip Rate (tradaboost > target_only): 9/17 = 52.9%
08:54:07  
  --- Disease: ND ---
08:54:07                    mean       std
model                           
coral         9.600184  1.507986
mixed        10.176670  1.929351
source_only  10.757944  2.003019
target_only   9.357364  1.685855
tradaboost    9.559814  1.712925
08:54:07      Flip Rate (coral > target_only): 3/3 = 100.0%
08:54:07      Flip Rate (tradaboost > target_only): 3/3 = 100.0%
08:54:07  
  --- Disease: T2D ---
08:54:07                    mean  std
model                      
coral        19.767314  NaN
mixed        20.610170  NaN
source_only  20.948425  NaN
target_only  19.746564  NaN
tradaboost   19.782493  NaN
08:54:07      Flip Rate (coral > target_only): 1/1 = 100.0%
08:54:07      Flip Rate (tradaboost > target_only): 1/1 = 100.0%
08:54:07  
Generating heatmaps...
08:54:08    Saved heatmap_1min.png
08:54:08    Saved heatmap_5min.png
08:54:08    Saved heatmap_15min.png
08:54:08  
Done.
